Traceback (most recent call last):
  File "<frozen runpy>", line 198, in _run_module_as_main
  File "<frozen runpy>", line 88, in _run_code
  File "/home/runner/work/eirepolitic-data-pipeline/eirepolitic-data-pipeline/instagram/factory/run_party_monthly_profile_v2.py", line 242, in <module>
    main()
  File "/home/runner/work/eirepolitic-data-pipeline/eirepolitic-data-pipeline/instagram/factory/run_party_monthly_profile_v2.py", line 238, in main
    profile.main()
  File "/home/runner/work/eirepolitic-data-pipeline/eirepolitic-data-pipeline/instagram/factory/party_monthly_profile.py", line 523, in main
    build(args.period, Path(args.output_root))
  File "/home/runner/work/eirepolitic-data-pipeline/eirepolitic-data-pipeline/instagram/factory/run_party_monthly_profile_v2.py", line 178, in wrapped
    period_root = original_build(period_value, output_root)
                  ^^^^^^^^^^^^^^^^^^^^^^^^^^^^^^^^^^^^^^^^^
  File "/home/runner/work/eirepolitic-data-pipeline/eirepolitic-data-pipeline/instagram/factory/party_monthly_profile.py", line 301, in build
    members, member_source = _member_snapshot_for_period(s3, period)
                             ^^^^^^^^^^^^^^^^^^^^^^^^^^^^^^^^^^^^^^^
  File "/home/runner/work/eirepolitic-data-pipeline/eirepolitic-data-pipeline/instagram/factory/run_party_monthly_profile.py", line 28, in wrapped
    rows, source = original(s3, period)
                   ^^^^^^^^^^^^^^^^^^^^
  File "/home/runner/work/eirepolitic-data-pipeline/eirepolitic-data-pipeline/instagram/factory/party_monthly_profile.py", line 117, in _member_snapshot_for_period
    page = s3.list_object_versions(**kwargs)
           ^^^^^^^^^^^^^^^^^^^^^^^^^^^^^^^^^
  File "/opt/hostedtoolcache/Python/3.11.16/x64/lib/python3.11/site-packages/botocore/client.py", line 606, in _api_call
    return self._make_api_call(operation_name, kwargs)
           ^^^^^^^^^^^^^^^^^^^^^^^^^^^^^^^^^^^^^^^^^^^
  File "/opt/hostedtoolcache/Python/3.11.16/x64/lib/python3.11/site-packages/botocore/context.py", line 123, in wrapper
    return func(*args, **kwargs)
           ^^^^^^^^^^^^^^^^^^^^^
  File "/opt/hostedtoolcache/Python/3.11.16/x64/lib/python3.11/site-packages/botocore/client.py", line 1094, in _make_api_call
    raise error_class(parsed_response, operation_name)
botocore.errorfactory.AccessDenied: An error occurred (AccessDenied) when calling the ListObjectVersions operation: User: arn:aws:iam::650985922689:user/monthly_extractor is not authorized to perform: s3:ListBucketVersions on resource: "arn:aws:s3:::eirepolitic-data" because no identity-based policy allows the s3:ListBucketVersions action
Resolved unified production batch: structure-oral-exchange-participants-20260902-1
Resolved classified source: processed/oireachtas_unified/batches/structure-oral-exchange-participants-20260902-1/tables/enrichment_speech_issue_labels/csv/enrichment_speech_issue_labels.csv
