......F.                                                                 [100%]
=================================== FAILURES ===================================
___________ test_glossary_text_stays_within_symmetric_content_bounds ___________

tmp_path = PosixPath('/tmp/pytest-of-runner/pytest-0/test_glossary_text_stays_withi0')

    def test_glossary_text_stays_within_symmetric_content_bounds(tmp_path: Path) -> None:
        out = tmp_path / "glossary.png"
>       metadata = draw_glossary(
            [
                (
                    "Long glossary term",
                    "This deliberately long glossary sentence verifies that wrapping is based on measured rendered pixel width and that every line stops safely inside the same right-side margin used on the left side of the slide.",
                )
            ],
            out,
        )

tests/test_instagram_monthly_post_framework.py:196: 
_ _ _ _ _ _ _ _ _ _ _ _ _ _ _ _ _ _ _ _ _ _ _ _ _ _ _ _ _ _ _ _ _ _ _ _ _ _ _ _ 

entries = [('Long glossary term', 'This deliberately long glossary sentence verifies that wrapping is based on measured rendered pixel width and that every line stops safely inside the same right-side margin used on the left side of the slide.')]
out_path = PosixPath('/tmp/pytest-of-runner/pytest-0/test_glossary_text_stays_withi0/glossary.png')

    def draw_glossary(entries: list[tuple[str, str]], out_path: Path) -> dict:
        image = base_slide()
        draw_title(image, ["Glossary"])
        draw = ImageDraw.Draw(image)
        term_font, body_font = font(29, True), font(23)
        y = 225
        text_bounds: list[dict] = []
    
        def record_bound(kind: str, text: str, bbox: tuple[int, int, int, int]) -> None:
            text_bounds.append(
                {
                    "kind": kind,
                    "text": text,
                    "bbox_px": [int(value) for value in bbox],
                    "left_overflow": bbox[0] < GLOSSARY_LEFT,
                    "right_overflow": bbox[2] > GLOSSARY_RIGHT,
                }
            )
    
        for term, body in entries:
            term_bbox = draw.textbbox((GLOSSARY_LEFT, y), term, font=term_font, anchor="la")
            if term_bbox[2] > GLOSSARY_RIGHT:
                raise RuntimeError(f"Glossary term exceeds right content bound {GLOSSARY_RIGHT}px: {term!r} -> {term_bbox}")
            draw.text((GLOSSARY_LEFT, y), term, font=term_font, fill=TEXT, anchor="la")
            record_bound("term", term, term_bbox)
            underline_y = term_bbox[3] + 8
            draw.line((term_bbox[0], underline_y, term_bbox[2], underline_y), fill=ACCENT, width=2)
            body_y = underline_y + 22
            for line in wrap_text_px(draw, body, body_font, GLOSSARY_MAX_WIDTH):
                line_bbox = draw.textbbox((GLOSSARY_LEFT, body_y), line, font=body_font, anchor="la")
                if line_bbox[0] < GLOSSARY_LEFT or line_bbox[2] > GLOSSARY_RIGHT:
>                   raise RuntimeError(
                        f"Glossary body line escaped content bounds {GLOSSARY_LEFT}-{GLOSSARY_RIGHT}px: {line!r} -> {line_bbox}"
                    )
E                   RuntimeError: Glossary body line escaped content bounds 135-945px: 'This deliberately long glossary sentence verifies that wrapping is' -> (134, 293, 885, 315)

instagram/factory/render_primitives.py:202: RuntimeError
=========================== short test summary info ============================
FAILED tests/test_instagram_monthly_post_framework.py::test_glossary_text_stays_within_symmetric_content_bounds - RuntimeError: Glossary body line escaped content bounds 135-945px: 'This deliberately long glossary sentence verifies that wrapping is' -> (134, 293, 885, 315)
1 failed, 7 passed in 2.53s
