..F...F.                                                                 [100%]
=================================== FAILURES ===================================
_________________ test_corner_assets_are_exact_approved_blobs __________________
tests/test_instagram_monthly_post_framework.py:91: in test_corner_assets_are_exact_approved_blobs
    assert _git_blob_sha(asset_root / name) == expected
           ^^^^^^^^^^^^^^^^^^^^^^^^^^^^^^^^
tests/test_instagram_monthly_post_framework.py:29: in _git_blob_sha
    payload = path.read_bytes()
              ^^^^^^^^^^^^^^^^^
/opt/hostedtoolcache/Python/3.12.14/x64/lib/python3.12/pathlib.py:1019: in read_bytes
    with self.open(mode='rb') as f:
         ^^^^^^^^^^^^^^^^^^^^
/opt/hostedtoolcache/Python/3.12.14/x64/lib/python3.12/pathlib.py:1013: in open
    return io.open(self, mode, buffering, encoding, errors, newline)
           ^^^^^^^^^^^^^^^^^^^^^^^^^^^^^^^^^^^^^^^^^^^^^^^^^^^^^^^^^
E   FileNotFoundError: [Errno 2] No such file or directory: '/home/runner/work/eirepolitic-data-pipeline/eirepolitic-data-pipeline/instagram/templates/assets/corner_tl.png'
___________ test_glossary_text_stays_within_symmetric_content_bounds ___________
tests/test_instagram_monthly_post_framework.py:196: in test_glossary_text_stays_within_symmetric_content_bounds
    metadata = draw_glossary(
instagram/factory/render_primitives.py:178: in draw_glossary
    image = base_slide()
            ^^^^^^^^^^^^
instagram/factory/render_primitives.py:43: in base_slide
    raise FileNotFoundError(f"Approved Instagram corner assets are missing: {missing}")
E   FileNotFoundError: Approved Instagram corner assets are missing: ['corner_tl.png', 'corner_tr.png', 'corner_bl.png', 'corner_br.png']
=========================== short test summary info ============================
FAILED tests/test_instagram_monthly_post_framework.py::test_corner_assets_are_exact_approved_blobs - FileNotFoundError: [Errno 2] No such file or directory: '/home/runner/work/eirepolitic-data-pipeline/eirepolitic-data-pipeline/instagram/templates/assets/corner_tl.png'
FAILED tests/test_instagram_monthly_post_framework.py::test_glossary_text_stays_within_symmetric_content_bounds - FileNotFoundError: Approved Instagram corner assets are missing: ['corner_tl.png', 'corner_tr.png', 'corner_bl.png', 'corner_br.png']
2 failed, 6 passed in 2.20s
