Traceback (most recent call last):
  File "<frozen runpy>", line 198, in _run_module_as_main
  File "<frozen runpy>", line 88, in _run_code
  File "/home/runner/work/eirepolitic-data-pipeline/eirepolitic-data-pipeline/instagram/factory/recurring.py", line 65, in <module>
    raise SystemExit(main())
                     ^^^^^^
  File "/home/runner/work/eirepolitic-data-pipeline/eirepolitic-data-pipeline/instagram/factory/recurring.py", line 59, in main
    result = run_project(args.project_id, period=args.period, output_root=args.output_root)
             ^^^^^^^^^^^^^^^^^^^^^^^^^^^^^^^^^^^^^^^^^^^^^^^^^^^^^^^^^^^^^^^^^^^^^^^^^^^^^^
  File "/home/runner/work/eirepolitic-data-pipeline/eirepolitic-data-pipeline/instagram/factory/recurring.py", line 40, in run_project
    module = importlib.import_module(str(project["adapter_module"]))
             ^^^^^^^^^^^^^^^^^^^^^^^^^^^^^^^^^^^^^^^^^^^^^^^^^^^^^^^
  File "/opt/hostedtoolcache/Python/3.12.14/x64/lib/python3.12/importlib/__init__.py", line 90, in import_module
    return _bootstrap._gcd_import(name[level:], package, level)
           ^^^^^^^^^^^^^^^^^^^^^^^^^^^^^^^^^^^^^^^^^^^^^^^^^^^^
  File "<frozen importlib._bootstrap>", line 1387, in _gcd_import
  File "<frozen importlib._bootstrap>", line 1360, in _find_and_load
  File "<frozen importlib._bootstrap>", line 1331, in _find_and_load_unlocked
  File "<frozen importlib._bootstrap>", line 935, in _load_unlocked
  File "<frozen importlib._bootstrap_external>", line 999, in exec_module
  File "<frozen importlib._bootstrap>", line 488, in _call_with_frames_removed
  File "/home/runner/work/eirepolitic-data-pipeline/eirepolitic-data-pipeline/instagram/projects/party_issue_monthly_profile_v2/adapter.py", line 38, in <module>
    from instagram.renderer.template_renderer import render_template
  File "/home/runner/work/eirepolitic-data-pipeline/eirepolitic-data-pipeline/instagram/renderer/__init__.py", line 2, in <module>
    from .render import main
  File "/home/runner/work/eirepolitic-data-pipeline/eirepolitic-data-pipeline/instagram/renderer/render.py", line 12, in <module>
    from .context import build_post_context
  File "/home/runner/work/eirepolitic-data-pipeline/eirepolitic-data-pipeline/instagram/renderer/context.py", line 9, in <module>
    from .util import coalesce_text, normalize_constituency, normalize_name, ordinal_rank, percent_string, safe_int
  File "/home/runner/work/eirepolitic-data-pipeline/eirepolitic-data-pipeline/instagram/renderer/util.py", line 16, in <module>
    import requests
ModuleNotFoundError: No module named 'requests'
