{
  "status": "PASS",
  "prototype_only": true,
  "visual_direction_gate": "pending_human_review",
  "slide": "director/sessions/2026-09-27-recorded-voting-participation/prototype/prototype_party_slide_v3.png",
  "period": {
    "start": "2026-02-28",
    "end": "2026-08-28"
  },
  "division_count": 136,
  "ordering": "alphabetical",
  "display_label_override": {
    "People Before Profit-Solidarity": "People Before Profit",
    "scope": "display only"
  },
  "corner_accents": "canonical mirrored ❦ treatment from instagram/templates/styles.css",
  "computer_visual_qa": {
    "text_collision_count": 0,
    "text_collisions": [],
    "out_of_bounds_count": 0,
    "out_of_bounds": [],
    "panel_text_out_of_bounds_count": 0,
    "panel_text_out_of_bounds": [],
    "row_spacing_issue_count": 0,
    "row_spacing_issues": [],
    "ornament_count": 4,
    "ornament_transform_reference": {
      "tl": "normal",
      "tr": "scaleX(-1)",
      "bl": "scaleY(-1)",
      "br": "scale(-1,-1)"
    },
    "people_before_profit_display_label": "People Before Profit",
    "people_before_profit_single_line": true,
    "pass": true
  },
  "publication_enabled": false
}
